---
source: hh/src/secrets.rs
assertion_line: 357
expression: out
---
● session a1b2c3 — 4 secret occurrence(s)
  TYPE               STEP  LOCATION   HASH8     COUNT
  aws-access-key-id  3     body       a1b2c3d4  2
  github-token       5     file .env  deadbeef  1
  custom:acme        —     command    12345678  1
✗ 4 secret occurrence(s) detected — `hh redact <session>` removes them irreversibly
