---
source: hh/tests/cli_conformance.rs
assertion_line: 83
expression: "String::from_utf8_lossy(&out.stdout)"
---
Irreversibly redact secrets from a recorded session in place.

Rewrites events and affected blobs, replacing each secret with `{{REDACTED:<type>:<hash8>}}`; originals are securely deleted and the database is compacted so no plaintext copy survives. See docs/redaction.md for the guarantees and their limits.

Usage: hh redact [OPTIONS] <SESSION>

Arguments:
  <SESSION>
          Session short id, full id, or `last`

Options:
      --yes
          Skip the confirmation prompt (redaction is irreversible)

  -h, --help
          Print help (see a summary with '-h')

Example:
  hh redact a1b2c3
  hh redact last --yes
